-- Logs begin at Sun 2020-12-13 18:17:12 CET, end at Wed 2020-12-16 15:39:07 CET. --
Dec 16 15:38:47 ndubouil kernel: Linux version 5.10.0-thor_kernel-08508-g5e60366d56c6-dirty (root@ndubouil) (gcc (GCC) 10.2.0, GNU ld (GNU Binutils) 2.35) #1 SMP Wed Dec 16 15:12:03 CET 2020
Dec 16 15:38:47 ndubouil kernel: Command line: BOOT_IMAGE=/vmlinuz-v5.10-8508-g5e60366d56c6-little-penguin root=/dev/sda3 ro
Dec 16 15:38:47 ndubouil kernel: x86/fpu: Supporting XSAVE feature 0x001: 'x87 floating point registers'
Dec 16 15:38:47 ndubouil kernel: x86/fpu: Supporting XSAVE feature 0x002: 'SSE registers'
Dec 16 15:38:47 ndubouil kernel: x86/fpu: Supporting XSAVE feature 0x004: 'AVX registers'
Dec 16 15:38:47 ndubouil kernel: x86/fpu: xstate_offset[2]:  576, xstate_sizes[2]:  256
Dec 16 15:38:47 ndubouil kernel: x86/fpu: Enabled xstate features 0x7, context size is 832 bytes, using 'standard' format.
Dec 16 15:38:47 ndubouil kernel: BIOS-provided physical RAM map:
Dec 16 15:38:47 ndubouil kernel: BIOS-e820: [mem 0x0000000000000000-0x000000000009fbff] usable
Dec 16 15:38:47 ndubouil kernel: BIOS-e820: [mem 0x000000000009fc00-0x000000000009ffff] reserved
Dec 16 15:38:47 ndubouil kernel: BIOS-e820: [mem 0x00000000000f0000-0x00000000000fffff] reserved
Dec 16 15:38:47 ndubouil kernel: BIOS-e820: [mem 0x0000000000100000-0x000000001ffeffff] usable
Dec 16 15:38:47 ndubouil kernel: BIOS-e820: [mem 0x000000001fff0000-0x000000001fffffff] ACPI data
Dec 16 15:38:47 ndubouil kernel: BIOS-e820: [mem 0x00000000fec00000-0x00000000fec00fff] reserved
Dec 16 15:38:47 ndubouil kernel: BIOS-e820: [mem 0x00000000fee00000-0x00000000fee00fff] reserved
Dec 16 15:38:47 ndubouil kernel: BIOS-e820: [mem 0x00000000fffc0000-0x00000000ffffffff] reserved
Dec 16 15:38:47 ndubouil kernel: NX (Execute Disable) protection: active
Dec 16 15:38:47 ndubouil kernel: SMBIOS 2.5 present.
Dec 16 15:38:47 ndubouil kernel: DMI: innotek GmbH VirtualBox/VirtualBox, BIOS VirtualBox 12/01/2006
Dec 16 15:38:47 ndubouil kernel: tsc: Fast TSC calibration using PIT
Dec 16 15:38:47 ndubouil kernel: tsc: Detected 1992.002 MHz processor
Dec 16 15:38:47 ndubouil kernel: e820: update [mem 0x00000000-0x00000fff] usable ==> reserved
Dec 16 15:38:47 ndubouil kernel: e820: remove [mem 0x000a0000-0x000fffff] usable
Dec 16 15:38:47 ndubouil kernel: last_pfn = 0x1fff0 max_arch_pfn = 0x400000000
Dec 16 15:38:47 ndubouil kernel: MTRR default type: uncachable
Dec 16 15:38:47 ndubouil kernel: MTRR variable ranges disabled:
Dec 16 15:38:47 ndubouil kernel: Disabled
Dec 16 15:38:47 ndubouil kernel: x86/PAT: MTRRs disabled, skipping PAT initialization too.
Dec 16 15:38:47 ndubouil kernel: CPU MTRRs all blank - virtualized system.
Dec 16 15:38:47 ndubouil kernel: x86/PAT: Configuration [0-7]: WB  WT  UC- UC  WB  WT  UC- UC  
Dec 16 15:38:47 ndubouil kernel: found SMP MP-table at [mem 0x0009fff0-0x0009ffff]
Dec 16 15:38:47 ndubouil kernel: check: Scanning 1 areas for low memory corruption
Dec 16 15:38:47 ndubouil kernel: ACPI: Early table checksum verification disabled
Dec 16 15:38:47 ndubouil kernel: ACPI: RSDP 0x00000000000E0000 000024 (v02 VBOX  )
Dec 16 15:38:47 ndubouil kernel: ACPI: XSDT 0x000000001FFF0030 00003C (v01 VBOX   VBOXXSDT 00000001 ASL  00000061)
Dec 16 15:38:47 ndubouil kernel: ACPI: FACP 0x000000001FFF00F0 0000F4 (v04 VBOX   VBOXFACP 00000001 ASL  00000061)
Dec 16 15:38:47 ndubouil kernel: ACPI: DSDT 0x000000001FFF0470 002325 (v02 VBOX   VBOXBIOS 00000002 INTL 20200925)
Dec 16 15:38:47 ndubouil kernel: ACPI: FACS 0x000000001FFF0200 000040
Dec 16 15:38:47 ndubouil kernel: ACPI: FACS 0x000000001FFF0200 000040
Dec 16 15:38:47 ndubouil kernel: ACPI: APIC 0x000000001FFF0240 00005C (v02 VBOX   VBOXAPIC 00000001 ASL  00000061)
Dec 16 15:38:47 ndubouil kernel: ACPI: SSDT 0x000000001FFF02A0 0001CC (v01 VBOX   VBOXCPUT 00000002 INTL 20200925)
Dec 16 15:38:47 ndubouil kernel: ACPI: Local APIC address 0xfee00000
Dec 16 15:38:47 ndubouil kernel: No NUMA configuration found
Dec 16 15:38:47 ndubouil kernel: Faking a node at [mem 0x0000000000000000-0x000000001ffeffff]
Dec 16 15:38:47 ndubouil kernel: NODE_DATA(0) allocated [mem 0x1ffec000-0x1ffeffff]
Dec 16 15:38:47 ndubouil kernel: Zone ranges:
Dec 16 15:38:47 ndubouil kernel:   DMA      [mem 0x0000000000001000-0x0000000000ffffff]
Dec 16 15:38:47 ndubouil kernel:   DMA32    [mem 0x0000000001000000-0x000000001ffeffff]
Dec 16 15:38:47 ndubouil kernel:   Normal   empty
Dec 16 15:38:47 ndubouil kernel: Movable zone start for each node
Dec 16 15:38:47 ndubouil kernel: Early memory node ranges
Dec 16 15:38:47 ndubouil kernel:   node   0: [mem 0x0000000000001000-0x000000000009efff]
Dec 16 15:38:47 ndubouil kernel:   node   0: [mem 0x0000000000100000-0x000000001ffeffff]
Dec 16 15:38:47 ndubouil kernel: Zeroed struct page in unavailable ranges: 114 pages
Dec 16 15:38:47 ndubouil kernel: Initmem setup node 0 [mem 0x0000000000001000-0x000000001ffeffff]
Dec 16 15:38:47 ndubouil kernel: On node 0 totalpages: 130958
Dec 16 15:38:47 ndubouil kernel:   DMA zone: 64 pages used for memmap
Dec 16 15:38:47 ndubouil kernel:   DMA zone: 21 pages reserved
Dec 16 15:38:47 ndubouil kernel:   DMA zone: 3998 pages, LIFO batch:0
Dec 16 15:38:47 ndubouil kernel:   DMA32 zone: 1984 pages used for memmap
Dec 16 15:38:47 ndubouil kernel:   DMA32 zone: 126960 pages, LIFO batch:31
Dec 16 15:38:47 ndubouil kernel: ACPI: PM-Timer IO Port: 0x4008
Dec 16 15:38:47 ndubouil kernel: ACPI: Local APIC address 0xfee00000
Dec 16 15:38:47 ndubouil kernel: IOAPIC[0]: apic_id 2, version 32, address 0xfec00000, GSI 0-23
Dec 16 15:38:47 ndubouil kernel: ACPI: INT_SRC_OVR (bus 0 bus_irq 0 global_irq 2 dfl dfl)
Dec 16 15:38:47 ndubouil kernel: ACPI: INT_SRC_OVR (bus 0 bus_irq 9 global_irq 9 low level)
Dec 16 15:38:47 ndubouil kernel: ACPI: IRQ0 used by override.
Dec 16 15:38:47 ndubouil kernel: ACPI: IRQ9 used by override.
Dec 16 15:38:47 ndubouil kernel: Using ACPI (MADT) for SMP configuration information
Dec 16 15:38:47 ndubouil kernel: smpboot: Allowing 2 CPUs, 0 hotplug CPUs
Dec 16 15:38:47 ndubouil kernel: PM: hibernation: Registered nosave memory: [mem 0x00000000-0x00000fff]
Dec 16 15:38:47 ndubouil kernel: PM: hibernation: Registered nosave memory: [mem 0x0009f000-0x0009ffff]
Dec 16 15:38:47 ndubouil kernel: PM: hibernation: Registered nosave memory: [mem 0x000a0000-0x000effff]
Dec 16 15:38:47 ndubouil kernel: PM: hibernation: Registered nosave memory: [mem 0x000f0000-0x000fffff]
Dec 16 15:38:47 ndubouil kernel: [mem 0x20000000-0xfebfffff] available for PCI devices
Dec 16 15:38:47 ndubouil kernel: clocksource: refined-jiffies: mask: 0xffffffff max_cycles: 0xffffffff, max_idle_ns: 1910969940391419 ns
Dec 16 15:38:47 ndubouil kernel: setup_percpu: NR_CPUS:64 nr_cpumask_bits:64 nr_cpu_ids:2 nr_node_ids:1
Dec 16 15:38:47 ndubouil kernel: percpu: Embedded 52 pages/cpu s173464 r8192 d31336 u1048576
Dec 16 15:38:47 ndubouil kernel: pcpu-alloc: s173464 r8192 d31336 u1048576 alloc=1*2097152
Dec 16 15:38:47 ndubouil kernel: pcpu-alloc: [0] 0 1 
Dec 16 15:38:47 ndubouil kernel: Built 1 zonelists, mobility grouping on.  Total pages: 128889
Dec 16 15:38:47 ndubouil kernel: Policy zone: DMA32
Dec 16 15:38:47 ndubouil kernel: Kernel command line: BOOT_IMAGE=/vmlinuz-v5.10-8508-g5e60366d56c6-little-penguin root=/dev/sda3 ro
Dec 16 15:38:47 ndubouil kernel: Dentry cache hash table entries: 65536 (order: 7, 524288 bytes, linear)
Dec 16 15:38:47 ndubouil kernel: Inode-cache hash table entries: 32768 (order: 6, 262144 bytes, linear)
Dec 16 15:38:47 ndubouil kernel: mem auto-init: stack:off, heap alloc:off, heap free:off
Dec 16 15:38:47 ndubouil kernel: Memory: 483276K/523832K available (14350K kernel code, 2552K rwdata, 3468K rodata, 1188K init, 1772K bss, 40296K reserved, 0K cma-reserved)
Dec 16 15:38:47 ndubouil kernel: SLUB: HWalign=64, Order=0-3, MinObjects=0, CPUs=2, Nodes=1
Dec 16 15:38:47 ndubouil kernel: Kernel/User page tables isolation: enabled
Dec 16 15:38:47 ndubouil kernel: rcu: Hierarchical RCU implementation.
Dec 16 15:38:47 ndubouil kernel: rcu:         RCU event tracing is enabled.
Dec 16 15:38:47 ndubouil kernel: rcu:         RCU restricting CPUs from NR_CPUS=64 to nr_cpu_ids=2.
Dec 16 15:38:47 ndubouil kernel: rcu: RCU calculated value of scheduler-enlistment delay is 100 jiffies.
Dec 16 15:38:47 ndubouil kernel: rcu: Adjusting geometry for rcu_fanout_leaf=16, nr_cpu_ids=2
Dec 16 15:38:47 ndubouil kernel: NR_IRQS: 4352, nr_irqs: 440, preallocated irqs: 16
Dec 16 15:38:47 ndubouil kernel: random: get_random_bytes called from start_kernel+0x362/0x529 with crng_init=0
Dec 16 15:38:47 ndubouil kernel: Console: colour VGA+ 80x25
Dec 16 15:38:47 ndubouil kernel: printk: console [tty0] enabled
Dec 16 15:38:47 ndubouil kernel: ACPI: Core revision 20201113
Dec 16 15:38:47 ndubouil kernel: APIC: Switch to symmetric I/O mode setup
Dec 16 15:38:47 ndubouil kernel: ..TIMER: vector=0x30 apic1=0 pin1=2 apic2=-1 pin2=-1
Dec 16 15:38:47 ndubouil kernel: clocksource: tsc-early: mask: 0xffffffffffffffff max_cycles: 0x396d566cf43, max_idle_ns: 881590760263 ns
Dec 16 15:38:47 ndubouil kernel: Calibrating delay loop (skipped), value calculated using timer frequency.. 3984.00 BogoMIPS (lpj=1992002)
Dec 16 15:38:47 ndubouil kernel: pid_max: default: 32768 minimum: 301
Dec 16 15:38:47 ndubouil kernel: LSM: Security Framework initializing
Dec 16 15:38:47 ndubouil kernel: SELinux:  Initializing.
Dec 16 15:38:47 ndubouil kernel: Mount-cache hash table entries: 1024 (order: 1, 8192 bytes, linear)
Dec 16 15:38:47 ndubouil kernel: Mountpoint-cache hash table entries: 1024 (order: 1, 8192 bytes, linear)
Dec 16 15:38:47 ndubouil kernel: unchecked MSR access error: WRMSR to 0x3a (tried to write 0x0000000000000001) at rIP: 0xffffffff90233254 (init_ia32_feat_ctl+0x84/0x310)
Dec 16 15:38:47 ndubouil kernel: Call Trace:
Dec 16 15:38:47 ndubouil kernel:  init_intel+0xb1/0x470
Dec 16 15:38:47 ndubouil kernel:  identify_cpu+0x2bb/0x5e0
Dec 16 15:38:47 ndubouil kernel:  identify_boot_cpu+0xc/0x94
Dec 16 15:38:47 ndubouil kernel:  check_bugs+0x21/0xa96
Dec 16 15:38:47 ndubouil kernel:  ? __get_locked_pte+0x169/0x240
Dec 16 15:38:47 ndubouil kernel:  start_kernel+0x4f7/0x529
Dec 16 15:38:47 ndubouil kernel:  secondary_startup_64_no_verify+0xc2/0xcb
Dec 16 15:38:47 ndubouil kernel: Last level iTLB entries: 4KB 64, 2MB 8, 4MB 8
Dec 16 15:38:47 ndubouil kernel: Last level dTLB entries: 4KB 64, 2MB 0, 4MB 0, 1GB 4
Dec 16 15:38:47 ndubouil kernel: Spectre V1 : Mitigation: usercopy/swapgs barriers and __user pointer sanitization
Dec 16 15:38:47 ndubouil kernel: Spectre V2 : Mitigation: Full generic retpoline
Dec 16 15:38:47 ndubouil kernel: Spectre V2 : Spectre v2 / SpectreRSB mitigation: Filling RSB on context switch
Dec 16 15:38:47 ndubouil kernel: Speculative Store Bypass: Vulnerable
Dec 16 15:38:47 ndubouil kernel: SRBDS: Unknown: Dependent on hypervisor status
Dec 16 15:38:47 ndubouil kernel: MDS: Mitigation: Clear CPU buffers
Dec 16 15:38:47 ndubouil kernel: Freeing SMP alternatives memory: 40K
Dec 16 15:38:47 ndubouil kernel: smpboot: CPU0: Intel(R) Core(TM) i7-8565U CPU @ 1.80GHz (family: 0x6, model: 0x8e, stepping: 0xb)
Dec 16 15:38:47 ndubouil kernel: Performance Events: unsupported p6 CPU model 142 no PMU driver, software events only.
Dec 16 15:38:47 ndubouil kernel: rcu: Hierarchical SRCU implementation.
Dec 16 15:38:47 ndubouil kernel: smp: Bringing up secondary CPUs ...
Dec 16 15:38:47 ndubouil kernel: x86: Booting SMP configuration:
Dec 16 15:38:47 ndubouil kernel: .... node  #0, CPUs:      #1
Dec 16 15:38:47 ndubouil kernel: smp: Brought up 1 node, 2 CPUs
Dec 16 15:38:47 ndubouil kernel: smpboot: Max logical packages: 1
Dec 16 15:38:47 ndubouil kernel: smpboot: Total of 2 processors activated (7968.00 BogoMIPS)
Dec 16 15:38:47 ndubouil kernel: devtmpfs: initialized
Dec 16 15:38:47 ndubouil kernel: clocksource: jiffies: mask: 0xffffffff max_cycles: 0xffffffff, max_idle_ns: 1911260446275000 ns
Dec 16 15:38:47 ndubouil kernel: futex hash table entries: 512 (order: 3, 32768 bytes, linear)
Dec 16 15:38:47 ndubouil kernel: PM: RTC time: 14:38:47, date: 2020-12-16
Dec 16 15:38:47 ndubouil kernel: NET: Registered protocol family 16
Dec 16 15:38:47 ndubouil kernel: audit: initializing netlink subsys (disabled)
Dec 16 15:38:47 ndubouil kernel: audit: type=2000 audit(1608129527.113:1): state=initialized audit_enabled=0 res=1
Dec 16 15:38:47 ndubouil kernel: thermal_sys: Registered thermal governor 'step_wise'
Dec 16 15:38:47 ndubouil kernel: thermal_sys: Registered thermal governor 'user_space'
Dec 16 15:38:47 ndubouil kernel: cpuidle: using governor menu
Dec 16 15:38:47 ndubouil kernel: ACPI: bus type PCI registered
Dec 16 15:38:47 ndubouil kernel: PCI: Using configuration type 1 for base access
Dec 16 15:38:47 ndubouil kernel: HugeTLB registered 2.00 MiB page size, pre-allocated 0 pages
Dec 16 15:38:47 ndubouil kernel: cryptomgr_test (26) used greatest stack depth: 15712 bytes left
Dec 16 15:38:47 ndubouil kernel: ACPI: Added _OSI(Module Device)
Dec 16 15:38:47 ndubouil kernel: ACPI: Added _OSI(Processor Device)
Dec 16 15:38:47 ndubouil kernel: ACPI: Added _OSI(3.0 _SCP Extensions)
Dec 16 15:38:47 ndubouil kernel: ACPI: Added _OSI(Processor Aggregator Device)
Dec 16 15:38:47 ndubouil kernel: ACPI: Added _OSI(Linux-Dell-Video)
Dec 16 15:38:47 ndubouil kernel: ACPI: Added _OSI(Linux-Lenovo-NV-HDMI-Audio)
Dec 16 15:38:47 ndubouil kernel: ACPI: Added _OSI(Linux-HPI-Hybrid-Graphics)
Dec 16 15:38:47 ndubouil kernel: ACPI: 2 ACPI AML tables successfully acquired and loaded
Dec 16 15:38:47 ndubouil kernel: ACPI: Interpreter enabled
Dec 16 15:38:47 ndubouil kernel: ACPI: (supports S0 S5)
Dec 16 15:38:47 ndubouil kernel: ACPI: Using IOAPIC for interrupt routing
Dec 16 15:38:47 ndubouil kernel: PCI: Using host bridge windows from ACPI; if necessary, use "pci=nocrs" and report a bug
Dec 16 15:38:47 ndubouil kernel: ACPI: Enabled 2 GPEs in block 00 to 07
Dec 16 15:38:47 ndubouil kernel: ACPI: PCI Root Bridge [PCI0] (domain 0000 [bus 00-ff])
Dec 16 15:38:47 ndubouil kernel: acpi PNP0A03:00: _OSC: OS supports [ASPM ClockPM Segments MSI HPX-Type3]
Dec 16 15:38:47 ndubouil kernel: acpi PNP0A03:00: _OSC: not requesting OS control; OS requires [ExtendedConfig ASPM ClockPM MSI]
Dec 16 15:38:47 ndubouil kernel: acpi PNP0A03:00: fail to add MMCONFIG information, can't access extended PCI configuration space under this bridge.
Dec 16 15:38:47 ndubouil kernel: PCI host bridge to bus 0000:00
Dec 16 15:38:47 ndubouil kernel: pci_bus 0000:00: root bus resource [io  0x0000-0x0cf7 window]
Dec 16 15:38:47 ndubouil kernel: pci_bus 0000:00: root bus resource [io  0x0d00-0xffff window]
Dec 16 15:38:47 ndubouil kernel: pci_bus 0000:00: root bus resource [mem 0x000a0000-0x000bffff window]
Dec 16 15:38:47 ndubouil kernel: pci_bus 0000:00: root bus resource [mem 0x20000000-0xfdffffff window]
Dec 16 15:38:47 ndubouil kernel: pci_bus 0000:00: root bus resource [bus 00-ff]
Dec 16 15:38:47 ndubouil kernel: pci 0000:00:00.0: [8086:1237] type 00 class 0x060000
Dec 16 15:38:47 ndubouil kernel: pci 0000:00:01.0: [8086:7000] type 00 class 0x060100
Dec 16 15:38:47 ndubouil kernel: pci 0000:00:02.0: [80ee:beef] type 00 class 0x030000
Dec 16 15:38:47 ndubouil kernel: pci 0000:00:02.0: reg 0x10: [mem 0xe0000000-0xe07fffff pref]
Dec 16 15:38:47 ndubouil kernel: pci 0000:00:03.0: [8086:100e] type 00 class 0x020000
Dec 16 15:38:47 ndubouil kernel: pci 0000:00:03.0: reg 0x10: [mem 0xf0000000-0xf001ffff]
Dec 16 15:38:47 ndubouil kernel: pci 0000:00:03.0: reg 0x18: [io  0xd000-0xd007]
Dec 16 15:38:47 ndubouil kernel: pci 0000:00:04.0: [80ee:cafe] type 00 class 0x088000
Dec 16 15:38:47 ndubouil kernel: pci 0000:00:04.0: reg 0x10: [io  0xd020-0xd03f]
Dec 16 15:38:47 ndubouil kernel: pci 0000:00:04.0: reg 0x14: [mem 0xf0400000-0xf07fffff]
Dec 16 15:38:47 ndubouil kernel: pci 0000:00:04.0: reg 0x18: [mem 0xf0800000-0xf0803fff pref]
Dec 16 15:38:47 ndubouil kernel: pci 0000:00:07.0: [8086:7113] type 00 class 0x068000
Dec 16 15:38:47 ndubouil kernel: pci 0000:00:07.0: quirk: [io  0x4000-0x403f] claimed by PIIX4 ACPI
Dec 16 15:38:47 ndubouil kernel: pci 0000:00:07.0: quirk: [io  0x4100-0x410f] claimed by PIIX4 SMB
Dec 16 15:38:47 ndubouil kernel: pci 0000:00:0d.0: [8086:2829] type 00 class 0x010601
Dec 16 15:38:47 ndubouil kernel: pci 0000:00:0d.0: reg 0x10: [io  0xd040-0xd047]
Dec 16 15:38:47 ndubouil kernel: pci 0000:00:0d.0: reg 0x14: [io  0xd048-0xd04b]
Dec 16 15:38:47 ndubouil kernel: pci 0000:00:0d.0: reg 0x18: [io  0xd050-0xd057]
Dec 16 15:38:47 ndubouil kernel: pci 0000:00:0d.0: reg 0x1c: [io  0xd058-0xd05b]
Dec 16 15:38:47 ndubouil kernel: pci 0000:00:0d.0: reg 0x20: [io  0xd060-0xd06f]
Dec 16 15:38:47 ndubouil kernel: pci 0000:00:0d.0: reg 0x24: [mem 0xf0804000-0xf0805fff]
Dec 16 15:38:47 ndubouil kernel: ACPI: PCI Interrupt Link [LNKA] (IRQs 5 9 10 *11)
Dec 16 15:38:47 ndubouil kernel: ACPI: PCI Interrupt Link [LNKB] (IRQs 5 9 *10 11)
Dec 16 15:38:47 ndubouil kernel: ACPI: PCI Interrupt Link [LNKC] (IRQs 5 *9 10 11)
Dec 16 15:38:47 ndubouil kernel: ACPI: PCI Interrupt Link [LNKD] (IRQs 5 9 10 *11)
Dec 16 15:38:47 ndubouil kernel: iommu: Default domain type: Translated 
Dec 16 15:38:47 ndubouil kernel: pci 0000:00:02.0: vgaarb: setting as boot VGA device
Dec 16 15:38:47 ndubouil kernel: pci 0000:00:02.0: vgaarb: VGA device added: decodes=io+mem,owns=io+mem,locks=none
Dec 16 15:38:47 ndubouil kernel: pci 0000:00:02.0: vgaarb: bridge control possible
Dec 16 15:38:47 ndubouil kernel: vgaarb: loaded
Dec 16 15:38:47 ndubouil kernel: SCSI subsystem initialized
Dec 16 15:38:47 ndubouil kernel: libata version 3.00 loaded.
Dec 16 15:38:47 ndubouil kernel: ACPI: bus type USB registered
Dec 16 15:38:47 ndubouil kernel: usbcore: registered new interface driver usbfs
Dec 16 15:38:47 ndubouil kernel: usbcore: registered new interface driver hub
Dec 16 15:38:47 ndubouil kernel: usbcore: registered new device driver usb
Dec 16 15:38:47 ndubouil kernel: pps_core: LinuxPPS API ver. 1 registered
Dec 16 15:38:47 ndubouil kernel: pps_core: Software ver. 5.3.6 - Copyright 2005-2007 Rodolfo Giometti <giometti@linux.it>
Dec 16 15:38:47 ndubouil kernel: PTP clock support registered
Dec 16 15:38:47 ndubouil kernel: Advanced Linux Sound Architecture Driver Initialized.
Dec 16 15:38:47 ndubouil kernel: NetLabel: Initializing
Dec 16 15:38:47 ndubouil kernel: NetLabel:  domain hash size = 128
Dec 16 15:38:47 ndubouil kernel: NetLabel:  protocols = UNLABELED CIPSOv4 CALIPSO
Dec 16 15:38:47 ndubouil kernel: NetLabel:  unlabeled traffic allowed by default
Dec 16 15:38:47 ndubouil kernel: PCI: Using ACPI for IRQ routing
Dec 16 15:38:47 ndubouil kernel: PCI: pci_cache_line_size set to 64 bytes
Dec 16 15:38:47 ndubouil kernel: e820: reserve RAM buffer [mem 0x0009fc00-0x0009ffff]
Dec 16 15:38:47 ndubouil kernel: e820: reserve RAM buffer [mem 0x1fff0000-0x1fffffff]
Dec 16 15:38:47 ndubouil kernel: clocksource: Switched to clocksource tsc-early
Dec 16 15:38:47 ndubouil kernel: VFS: Disk quotas dquot_6.6.0
Dec 16 15:38:47 ndubouil kernel: VFS: Dquot-cache hash table entries: 512 (order 0, 4096 bytes)
Dec 16 15:38:47 ndubouil kernel: pnp: PnP ACPI init
Dec 16 15:38:47 ndubouil kernel: pnp 00:00: Plug and Play ACPI device, IDs PNP0303 (active)
Dec 16 15:38:47 ndubouil kernel: pnp 00:01: [dma 2]
Dec 16 15:38:47 ndubouil kernel: pnp 00:01: Plug and Play ACPI device, IDs PNP0700 (active)
Dec 16 15:38:47 ndubouil kernel: pnp 00:02: Plug and Play ACPI device, IDs PNP0f03 (active)
Dec 16 15:38:47 ndubouil kernel: pnp: PnP ACPI: found 3 devices
Dec 16 15:38:47 ndubouil kernel: clocksource: acpi_pm: mask: 0xffffff max_cycles: 0xffffff, max_idle_ns: 2085701024 ns
Dec 16 15:38:47 ndubouil kernel: NET: Registered protocol family 2
Dec 16 15:38:47 ndubouil kernel: tcp_listen_portaddr_hash hash table entries: 256 (order: 0, 4096 bytes, linear)
Dec 16 15:38:47 ndubouil kernel: TCP established hash table entries: 4096 (order: 3, 32768 bytes, linear)
Dec 16 15:38:47 ndubouil kernel: TCP bind hash table entries: 4096 (order: 4, 65536 bytes, linear)
Dec 16 15:38:47 ndubouil kernel: TCP: Hash tables configured (established 4096 bind 4096)
Dec 16 15:38:47 ndubouil kernel: UDP hash table entries: 256 (order: 1, 8192 bytes, linear)
Dec 16 15:38:47 ndubouil kernel: UDP-Lite hash table entries: 256 (order: 1, 8192 bytes, linear)
Dec 16 15:38:47 ndubouil kernel: NET: Registered protocol family 1
Dec 16 15:38:47 ndubouil kernel: RPC: Registered named UNIX socket transport module.
Dec 16 15:38:47 ndubouil kernel: RPC: Registered udp transport module.
Dec 16 15:38:47 ndubouil kernel: RPC: Registered tcp transport module.
Dec 16 15:38:47 ndubouil kernel: RPC: Registered tcp NFSv4.1 backchannel transport module.
Dec 16 15:38:47 ndubouil kernel: pci_bus 0000:00: resource 4 [io  0x0000-0x0cf7 window]
Dec 16 15:38:47 ndubouil kernel: pci_bus 0000:00: resource 5 [io  0x0d00-0xffff window]
Dec 16 15:38:47 ndubouil kernel: pci_bus 0000:00: resource 6 [mem 0x000a0000-0x000bffff window]
Dec 16 15:38:47 ndubouil kernel: pci_bus 0000:00: resource 7 [mem 0x20000000-0xfdffffff window]
Dec 16 15:38:47 ndubouil kernel: pci 0000:00:00.0: Limiting direct PCI/PCI transfers
Dec 16 15:38:47 ndubouil kernel: pci 0000:00:01.0: Activating ISA DMA hang workarounds
Dec 16 15:38:47 ndubouil kernel: pci 0000:00:02.0: Video device with shadowed ROM at [mem 0x000c0000-0x000dffff]
Dec 16 15:38:47 ndubouil kernel: PCI: CLS 0 bytes, default 64
Dec 16 15:38:47 ndubouil kernel: RAPL PMU: API unit is 2^-32 Joules, 0 fixed counters, 10737418240 ms ovfl timer
Dec 16 15:38:47 ndubouil kernel: platform rtc_cmos: registered platform RTC device (no PNP device found)
Dec 16 15:38:47 ndubouil kernel: check: Scanning for low memory corruption every 60 seconds
Dec 16 15:38:47 ndubouil kernel: Initialise system trusted keyrings
Dec 16 15:38:47 ndubouil kernel: workingset: timestamp_bits=56 max_order=17 bucket_order=0
Dec 16 15:38:47 ndubouil kernel: NFS: Registering the id_resolver key type
Dec 16 15:38:47 ndubouil kernel: Key type id_resolver registered
Dec 16 15:38:47 ndubouil kernel: Key type id_legacy registered
Dec 16 15:38:47 ndubouil kernel: Key type asymmetric registered
Dec 16 15:38:47 ndubouil kernel: Asymmetric key parser 'x509' registered
Dec 16 15:38:47 ndubouil kernel: Block layer SCSI generic (bsg) driver version 0.4 loaded (major 251)
Dec 16 15:38:47 ndubouil kernel: io scheduler mq-deadline registered
Dec 16 15:38:47 ndubouil kernel: io scheduler kyber registered
Dec 16 15:38:47 ndubouil kernel: ACPI: AC Adapter [AC] (on-line)
Dec 16 15:38:47 ndubouil kernel: input: Power Button as /devices/LNXSYSTM:00/LNXPWRBN:00/input/input0
Dec 16 15:38:47 ndubouil kernel: ACPI: Power Button [PWRF]
Dec 16 15:38:47 ndubouil kernel: input: Sleep Button as /devices/LNXSYSTM:00/LNXSLPBN:00/input/input1
Dec 16 15:38:47 ndubouil kernel: ACPI: Sleep Button [SLPF]
Dec 16 15:38:47 ndubouil kernel: ACPI: Video Device [GFX0] (multi-head: yes  rom: no  post: no)
Dec 16 15:38:47 ndubouil kernel: input: Video Bus as /devices/LNXSYSTM:00/LNXSYBUS:00/PNP0A03:00/LNXVIDEO:00/input/input2
Dec 16 15:38:47 ndubouil kernel: battery: ACPI: Battery Slot [BAT0] (battery present)
Dec 16 15:38:47 ndubouil kernel: Serial: 8250/16550 driver, 4 ports, IRQ sharing enabled
Dec 16 15:38:47 ndubouil kernel: Non-volatile memory driver v1.3
Dec 16 15:38:47 ndubouil kernel: Linux agpgart interface v0.103
Dec 16 15:38:47 ndubouil kernel: loop: module loaded
Dec 16 15:38:47 ndubouil kernel: ahci 0000:00:0d.0: version 3.0
Dec 16 15:38:47 ndubouil kernel: ahci 0000:00:0d.0: SSS flag set, parallel bus scan disabled
Dec 16 15:38:47 ndubouil kernel: ahci 0000:00:0d.0: AHCI 0001.0100 32 slots 1 ports 3 Gbps 0x1 impl SATA mode
Dec 16 15:38:47 ndubouil kernel: ahci 0000:00:0d.0: flags: 64bit ncq stag only ccc 
Dec 16 15:38:47 ndubouil kernel: scsi host0: ahci
Dec 16 15:38:47 ndubouil kernel: ata1: SATA max UDMA/133 abar m8192@0xf0804000 port 0xf0804100 irq 21
Dec 16 15:38:47 ndubouil kernel: e100: Intel(R) PRO/100 Network Driver
Dec 16 15:38:47 ndubouil kernel: e100: Copyright(c) 1999-2006 Intel Corporation
Dec 16 15:38:47 ndubouil kernel: e1000: Intel(R) PRO/1000 Network Driver
Dec 16 15:38:47 ndubouil kernel: e1000: Copyright (c) 1999-2006 Intel Corporation.
Dec 16 15:38:47 ndubouil kernel: ata1: SATA link up 3.0 Gbps (SStatus 123 SControl 300)
Dec 16 15:38:47 ndubouil kernel: ata1.00: ATA-6: VBOX HARDDISK, 1.0, max UDMA/133
Dec 16 15:38:47 ndubouil kernel: ata1.00: 146800640 sectors, multi 128: LBA48 NCQ (depth 32)
Dec 16 15:38:47 ndubouil kernel: ata1.00: configured for UDMA/133
Dec 16 15:38:47 ndubouil kernel: scsi 0:0:0:0: Direct-Access     ATA      VBOX HARDDISK    1.0  PQ: 0 ANSI: 5
Dec 16 15:38:47 ndubouil kernel: scsi 0:0:0:0: Attached scsi generic sg0 type 0
Dec 16 15:38:47 ndubouil kernel: sd 0:0:0:0: [sda] 146800640 512-byte logical blocks: (75.2 GB/70.0 GiB)
Dec 16 15:38:47 ndubouil kernel: sd 0:0:0:0: [sda] Write Protect is off
Dec 16 15:38:47 ndubouil kernel: sd 0:0:0:0: [sda] Mode Sense: 00 3a 00 00
Dec 16 15:38:47 ndubouil kernel: sd 0:0:0:0: [sda] Write cache: enabled, read cache: enabled, doesn't support DPO or FUA
Dec 16 15:38:47 ndubouil kernel:  sda: sda1 sda2 < sda5 > sda3 sda4
Dec 16 15:38:47 ndubouil kernel: sd 0:0:0:0: [sda] Attached SCSI disk
Dec 16 15:38:47 ndubouil kernel: e1000 0000:00:03.0 eth0: (PCI:33MHz:32-bit) 08:00:27:8d:c0:4d
Dec 16 15:38:47 ndubouil kernel: e1000 0000:00:03.0 eth0: Intel(R) PRO/1000 Network Connection
Dec 16 15:38:47 ndubouil kernel: e1000e: Intel(R) PRO/1000 Network Driver
Dec 16 15:38:47 ndubouil kernel: e1000e: Copyright(c) 1999 - 2015 Intel Corporation.
Dec 16 15:38:47 ndubouil kernel: sky2: driver version 1.30
Dec 16 15:38:47 ndubouil kernel: ehci_hcd: USB 2.0 'Enhanced' Host Controller (EHCI) Driver
Dec 16 15:38:47 ndubouil kernel: ehci-pci: EHCI PCI platform driver
Dec 16 15:38:47 ndubouil kernel: ohci_hcd: USB 1.1 'Open' Host Controller (OHCI) Driver
Dec 16 15:38:47 ndubouil kernel: ohci-pci: OHCI PCI platform driver
Dec 16 15:38:47 ndubouil kernel: uhci_hcd: USB Universal Host Controller Interface driver
Dec 16 15:38:47 ndubouil kernel: usbcore: registered new interface driver usblp
Dec 16 15:38:47 ndubouil kernel: usbcore: registered new interface driver usb-storage
Dec 16 15:38:47 ndubouil kernel: i8042: PNP: PS/2 Controller [PNP0303:PS2K,PNP0f03:PS2M] at 0x60,0x64 irq 1,12
Dec 16 15:38:47 ndubouil kernel: serio: i8042 KBD port at 0x60,0x64 irq 1
Dec 16 15:38:47 ndubouil kernel: serio: i8042 AUX port at 0x60,0x64 irq 12
Dec 16 15:38:47 ndubouil kernel: input: AT Translated Set 2 keyboard as /devices/platform/i8042/serio0/input/input3
Dec 16 15:38:47 ndubouil kernel: rtc_cmos rtc_cmos: registered as rtc0
Dec 16 15:38:47 ndubouil kernel: rtc_cmos rtc_cmos: alarms up to one day, 114 bytes nvram
Dec 16 15:38:47 ndubouil kernel: device-mapper: ioctl: 4.43.0-ioctl (2020-10-01) initialised: dm-devel@redhat.com
Dec 16 15:38:47 ndubouil kernel: intel_pstate: CPU model not supported
Dec 16 15:38:47 ndubouil kernel: hid: raw HID events driver (C) Jiri Kosina
Dec 16 15:38:47 ndubouil kernel: usbcore: registered new interface driver usbhid
Dec 16 15:38:47 ndubouil kernel: usbhid: USB HID core driver
Dec 16 15:38:47 ndubouil kernel: Initializing XFRM netlink socket
Dec 16 15:38:47 ndubouil kernel: NET: Registered protocol family 10
Dec 16 15:38:47 ndubouil kernel: Segment Routing with IPv6
Dec 16 15:38:47 ndubouil kernel: sit: IPv6, IPv4 and MPLS over IPv4 tunneling driver
Dec 16 15:38:47 ndubouil kernel: NET: Registered protocol family 17
Dec 16 15:38:47 ndubouil kernel: Key type dns_resolver registered
Dec 16 15:38:47 ndubouil kernel: IPI shorthand broadcast: enabled
Dec 16 15:38:47 ndubouil kernel: sched_clock: Marking stable (610988884, 18606291)->(635339510, -5744335)
Dec 16 15:38:47 ndubouil kernel: registered taskstats version 1
Dec 16 15:38:47 ndubouil kernel: Loading compiled-in X.509 certificates
Dec 16 15:38:47 ndubouil kernel: PM:   Magic number: 0:306:637
Dec 16 15:38:47 ndubouil kernel: printk: console [netcon0] enabled
Dec 16 15:38:47 ndubouil kernel: netconsole: network logging started
Dec 16 15:38:47 ndubouil kernel: cfg80211: Loading compiled-in X.509 certificates for regulatory database
Dec 16 15:38:47 ndubouil kernel: kworker/u4:1 (65) used greatest stack depth: 14808 bytes left
Dec 16 15:38:47 ndubouil kernel: cfg80211: Loaded X.509 cert 'sforshee: 00b28ddf47aef9cea7'
Dec 16 15:38:47 ndubouil kernel: ALSA device list:
Dec 16 15:38:47 ndubouil kernel:   No soundcards found.
Dec 16 15:38:47 ndubouil kernel: platform regulatory.0: Direct firmware load for regulatory.db failed with error -2
Dec 16 15:38:47 ndubouil kernel: cfg80211: failed to load regulatory.db
Dec 16 15:38:47 ndubouil kernel: input: ImExPS/2 Generic Explorer Mouse as /devices/platform/i8042/serio1/input/input5
Dec 16 15:38:47 ndubouil kernel: md: Waiting for all devices to be available before autodetect
Dec 16 15:38:47 ndubouil kernel: md: If you don't use raid, use raid=noautodetect
Dec 16 15:38:47 ndubouil kernel: md: Autodetecting RAID arrays.
Dec 16 15:38:47 ndubouil kernel: md: autorun ...
Dec 16 15:38:47 ndubouil kernel: md: ... autorun DONE.
Dec 16 15:38:47 ndubouil kernel: random: fast init done
Dec 16 15:38:47 ndubouil kernel: EXT4-fs (sda3): mounted filesystem with ordered data mode. Opts: (null)
Dec 16 15:38:47 ndubouil kernel: VFS: Mounted root (ext4 filesystem) readonly on device 8:3.
Dec 16 15:38:47 ndubouil kernel: devtmpfs: mounted
Dec 16 15:38:47 ndubouil kernel: Freeing unused kernel image (initmem) memory: 1188K
Dec 16 15:38:47 ndubouil kernel: Write protecting the kernel read-only data: 20480k
Dec 16 15:38:47 ndubouil kernel: Freeing unused kernel image (text/rodata gap) memory: 2032K
Dec 16 15:38:47 ndubouil kernel: Freeing unused kernel image (rodata/data gap) memory: 628K
Dec 16 15:38:47 ndubouil kernel: Run /sbin/init as init process
Dec 16 15:38:47 ndubouil kernel:   with arguments:
Dec 16 15:38:47 ndubouil kernel:     /sbin/init
Dec 16 15:38:47 ndubouil kernel:   with environment:
Dec 16 15:38:47 ndubouil kernel:     HOME=/
Dec 16 15:38:47 ndubouil kernel:     TERM=linux
Dec 16 15:38:47 ndubouil kernel:     BOOT_IMAGE=/vmlinuz-v5.10-8508-g5e60366d56c6-little-penguin
Dec 16 15:38:47 ndubouil systemd[1]: systemd 246 running in system mode. (-PAM -AUDIT -SELINUX +IMA -APPARMOR +SMACK +SYSVINIT +UTMP -LIBCRYPTSETUP -GCRYPT -GNUTLS +ACL +XZ -LZ4 +ZSTD -SECCOMP +BLKID -ELFUTILS +KMOD -IDN2 -IDN -PCRE2 default-hierarchy=unified)
Dec 16 15:38:47 ndubouil systemd[1]: Detected virtualization oracle.
Dec 16 15:38:47 ndubouil systemd[1]: Detected architecture x86-64.
Dec 16 15:38:47 ndubouil systemd[1]: Set hostname to <ndubouil>.
Dec 16 15:38:47 ndubouil kernel: systemd-bless-b (72) used greatest stack depth: 14144 bytes left
Dec 16 15:38:47 ndubouil kernel: systemd-hiberna (77) used greatest stack depth: 14112 bytes left
Dec 16 15:38:47 ndubouil kernel: systemd-fstab-g (74) used greatest stack depth: 13224 bytes left
Dec 16 15:38:47 ndubouil systemd[1]: Queued start job for default target Graphical Interface.
Dec 16 15:38:47 ndubouil systemd[1]: system-getty.slice: unit configures an IP firewall, but the local system does not support BPF/cgroup firewalling.
Dec 16 15:38:47 ndubouil systemd[1]: (This warning is only shown for the first unit using IP firewalling.)
Dec 16 15:38:47 ndubouil systemd[1]: Created slice system-getty.slice.
Dec 16 15:38:47 ndubouil systemd[1]: Created slice system-modprobe.slice.
Dec 16 15:38:47 ndubouil systemd[1]: Created slice system-systemd\x2dfsck.slice.
Dec 16 15:38:47 ndubouil systemd[1]: Created slice User and Session Slice.
Dec 16 15:38:47 ndubouil systemd[1]: Started Dispatch Password Requests to Console Directory Watch.
Dec 16 15:38:47 ndubouil systemd[1]: Started Forward Password Requests to Wall Directory Watch.
Dec 16 15:38:47 ndubouil systemd[1]: Set up automount Arbitrary Executable File Formats File System Automount Point.
Dec 16 15:38:47 ndubouil systemd[1]: Reached target Paths.
Dec 16 15:38:47 ndubouil systemd[1]: Reached target Remote File Systems.
Dec 16 15:38:47 ndubouil systemd[1]: Reached target Slices.
Dec 16 15:38:47 ndubouil systemd[1]: Reached target System Time Set.
Dec 16 15:38:47 ndubouil systemd[1]: Reached target System Time Synchronized.
Dec 16 15:38:47 ndubouil systemd[1]: Listening on Process Core Dump Socket.
Dec 16 15:38:47 ndubouil systemd[1]: Listening on initctl Compatibility Named Pipe.
Dec 16 15:38:47 ndubouil systemd[1]: Listening on Journal Audit Socket.
Dec 16 15:38:47 ndubouil systemd[1]: Listening on Journal Socket (/dev/log).
Dec 16 15:38:47 ndubouil systemd[1]: Listening on Journal Socket.
Dec 16 15:38:47 ndubouil systemd[1]: Listening on Network Service Netlink Socket.
Dec 16 15:38:47 ndubouil systemd[1]: Listening on udev Control Socket.
Dec 16 15:38:47 ndubouil systemd[1]: Listening on udev Kernel Socket.
Dec 16 15:38:47 ndubouil systemd[1]: Mounting Huge Pages File System...
Dec 16 15:38:47 ndubouil systemd[1]: Mounting POSIX Message Queue File System...
Dec 16 15:38:47 ndubouil systemd[1]: Mounting Arbitrary Executable File Formats File System...
Dec 16 15:38:47 ndubouil systemd[1]: Mounting Kernel Debug File System...
Dec 16 15:38:47 ndubouil systemd[1]: Mounting Kernel Trace File System...
Dec 16 15:38:47 ndubouil systemd[1]: Condition check resulted in Create list of static device nodes for the current kernel being skipped.
Dec 16 15:38:47 ndubouil systemd[1]: Condition check resulted in Load Kernel Module drm being skipped.
Dec 16 15:38:47 ndubouil systemd[1]: Starting File System Check on Root Device...
Dec 16 15:38:47 ndubouil systemd[1]: Starting Journal Service...
Dec 16 15:38:47 ndubouil systemd[1]: Condition check resulted in Load Kernel Modules being skipped.
Dec 16 15:38:47 ndubouil systemd[1]: Condition check resulted in FUSE Control File System being skipped.
Dec 16 15:38:47 ndubouil systemd[1]: Condition check resulted in Kernel Configuration File System being skipped.
Dec 16 15:38:47 ndubouil systemd[1]: Condition check resulted in Repartition Root Disk being skipped.
Dec 16 15:38:47 ndubouil systemd[1]: Starting Apply Kernel Variables...
Dec 16 15:38:47 ndubouil systemd[1]: Starting Create Static Device Nodes in /dev...
Dec 16 15:38:47 ndubouil systemd[1]: Starting Coldplug All udev Devices...
Dec 16 15:38:47 ndubouil systemd[1]: Mounted Huge Pages File System.
Dec 16 15:38:47 ndubouil systemd[1]: Mounted POSIX Message Queue File System.
Dec 16 15:38:47 ndubouil systemd[1]: Mounted Arbitrary Executable File Formats File System.
Dec 16 15:38:47 ndubouil systemd[1]: Mounted Kernel Debug File System.
Dec 16 15:38:47 ndubouil systemd[1]: Mounted Kernel Trace File System.
Dec 16 15:38:47 ndubouil systemd[1]: Finished File System Check on Root Device.
Dec 16 15:38:47 ndubouil systemd[1]: Finished Create Static Device Nodes in /dev.
Dec 16 15:38:47 ndubouil systemd[1]: Condition check resulted in Set Up Additional Binary Formats being skipped.
Dec 16 15:38:47 ndubouil systemd[1]: Starting Remount Root and Kernel File Systems...
Dec 16 15:38:47 ndubouil kernel: EXT4-fs (sda3): re-mounted. Opts: (null)
Dec 16 15:38:47 ndubouil systemd[1]: Finished Remount Root and Kernel File Systems.
Dec 16 15:38:47 ndubouil systemd[1]: Reached target Local File Systems (Pre).
Dec 16 15:38:47 ndubouil systemd[1]: Condition check resulted in Virtual Machine and Container Storage (Compatibility) being skipped.
Dec 16 15:38:47 ndubouil systemd[1]: Reached target Containers.
Dec 16 15:38:47 ndubouil systemd[1]: Condition check resulted in Rebuild Hardware Database being skipped.
Dec 16 15:38:47 ndubouil systemd[1]: Condition check resulted in Platform Persistent Storage Archival being skipped.
Dec 16 15:38:47 ndubouil systemd[1]: Starting Load/Save Random Seed...
Dec 16 15:38:47 ndubouil systemd[1]: Starting Rule-based Manager for Device Events and Files...
Dec 16 15:38:47 ndubouil systemd-journald[88]: Journal started
Dec 16 15:38:47 ndubouil systemd-journald[88]: Runtime Journal (/run/log/journal/592ed4ee54764555b3108446ca39d6b1) is 1.1M, max 9.5M, 8.3M free.
Dec 16 15:38:47 ndubouil systemd[1]: Finished Apply Kernel Variables.
Dec 16 15:38:47 ndubouil systemd-sysctl[89]: Not setting net/ipv4/conf/all/rp_filter (explicit setting exists).
Dec 16 15:38:47 ndubouil systemd-sysctl[89]: Not setting net/ipv4/conf/default/rp_filter (explicit setting exists).
Dec 16 15:38:47 ndubouil systemd-sysctl[89]: Not setting net/ipv4/conf/all/accept_source_route (explicit setting exists).
Dec 16 15:38:47 ndubouil systemd-sysctl[89]: Not setting net/ipv4/conf/default/accept_source_route (explicit setting exists).
Dec 16 15:38:47 ndubouil systemd-sysctl[89]: Not setting net/ipv4/conf/all/promote_secondaries (explicit setting exists).
Dec 16 15:38:47 ndubouil systemd-sysctl[89]: Not setting net/ipv4/conf/default/promote_secondaries (explicit setting exists).
Dec 16 15:38:47 ndubouil systemd-sysctl[89]: Couldn't write 'fq_codel' to 'net/core/default_qdisc', ignoring: No such file or directory
Dec 16 15:38:47 ndubouil systemd[1]: Started Journal Service.
Dec 16 15:38:47 ndubouil systemd[1]: Starting Flush Journal to Persistent Storage...
Dec 16 15:38:47 ndubouil systemd-fsck[92]: /dev/sda3: clean, 403645/2444624 files, 3923986/9765632 blocks
Dec 16 15:38:47 ndubouil systemd-random-seed[97]: Kernel entropy pool is not initialized yet, waiting until it is.
Dec 16 15:38:47 ndubouil systemd-journald[88]: Time spent on flushing to /var/log/journal/592ed4ee54764555b3108446ca39d6b1 is 26.667ms for 439 entries.
Dec 16 15:38:47 ndubouil systemd-journald[88]: System Journal (/var/log/journal/592ed4ee54764555b3108446ca39d6b1) is 112.0M, max 3.6G, 3.5G free.
Dec 16 15:38:47 ndubouil systemd[1]: Started Rule-based Manager for Device Events and Files.
Dec 16 15:38:47 ndubouil systemd[1]: Starting Network Service...
Dec 16 15:38:48 ndubouil systemd[1]: Finished Flush Journal to Persistent Storage.
Dec 16 15:38:48 ndubouil systemd[1]: Finished Coldplug All udev Devices.
Dec 16 15:38:48 ndubouil systemd-networkd[105]: Enumeration completed
Dec 16 15:38:48 ndubouil systemd[1]: Started Network Service.
Dec 16 15:38:48 ndubouil systemd-udevd[107]: Using default interface naming scheme 'v245'.
Dec 16 15:38:48 ndubouil systemd-udevd[107]: ethtool: autonegotiation is unset or enabled, the speed and duplex are not writable.
Dec 16 15:38:48 ndubouil kernel: e1000 0000:00:03.0 enp0s3: renamed from eth0
Dec 16 15:38:48 ndubouil systemd-networkd[105]: eth0: Interface name change detected, eth0 has been renamed to enp0s3.
Dec 16 15:38:48 ndubouil systemd-udevd[112]: ethtool: autonegotiation is unset or enabled, the speed and duplex are not writable.
Dec 16 15:38:48 ndubouil systemd-udevd[110]: ethtool: autonegotiation is unset or enabled, the speed and duplex are not writable.
Dec 16 15:38:48 ndubouil systemd-udevd[112]: Using default interface naming scheme 'v245'.
Dec 16 15:38:48 ndubouil systemd[1]: Found device VBOX_HARDDISK 5.
Dec 16 15:38:48 ndubouil systemd-networkd[105]: enp0s3: IPv6 successfully enabled
Dec 16 15:38:48 ndubouil systemd-networkd[105]: enp0s3: Link UP
Dec 16 15:38:48 ndubouil systemd[1]: Found device VBOX_HARDDISK 4.
Dec 16 15:38:48 ndubouil systemd[1]: Listening on Load/Save RF Kill Switch Status /dev/rfkill Watch.
Dec 16 15:38:48 ndubouil systemd[1]: Activating swap /dev/sda5...
Dec 16 15:38:48 ndubouil systemd[1]: Starting File System Check on /dev/sda4...
Dec 16 15:38:48 ndubouil systemd-fsck[121]: /dev/sda4: clean, 301/305216 files, 47988/1220608 blocks
Dec 16 15:38:48 ndubouil systemd[1]: Activated swap /dev/sda5.
Dec 16 15:38:48 ndubouil kernel: Adding 1045500k swap on /dev/sda5.  Priority:1 extents:1 across:1045500k 
Dec 16 15:38:48 ndubouil systemd[1]: Reached target Swap.
Dec 16 15:38:48 ndubouil systemd[1]: tmp.mount: Directory /tmp to mount over is not empty, mounting anyway.
Dec 16 15:38:48 ndubouil systemd[1]: Mounting Temporary Directory (/tmp)...
Dec 16 15:38:48 ndubouil systemd[1]: Finished File System Check on /dev/sda4.
Dec 16 15:38:48 ndubouil systemd[1]: Mounted Temporary Directory (/tmp).
Dec 16 15:38:48 ndubouil systemd[1]: Mounting /boot...
Dec 16 15:38:48 ndubouil systemd[1]: Mounted /boot.
Dec 16 15:38:48 ndubouil kernel: EXT4-fs (sda4): mounted filesystem with ordered data mode. Opts: (null)
Dec 16 15:38:48 ndubouil systemd[1]: Reached target Local File Systems.
Dec 16 15:38:48 ndubouil systemd[1]: Condition check resulted in Commit a transient machine-id on disk being skipped.
Dec 16 15:38:48 ndubouil systemd[1]: Starting Create Volatile Files and Directories...
Dec 16 15:38:48 ndubouil systemd[1]: Finished Create Volatile Files and Directories.
Dec 16 15:38:48 ndubouil systemd[1]: Condition check resulted in Rebuild Journal Catalog being skipped.
Dec 16 15:38:48 ndubouil systemd[1]: Starting Network Name Resolution...
Dec 16 15:38:48 ndubouil systemd[1]: Condition check resulted in Update is Completed being skipped.
Dec 16 15:38:48 ndubouil systemd[1]: Starting Update UTMP about System Boot/Shutdown...
Dec 16 15:38:48 ndubouil systemd[1]: Finished Update UTMP about System Boot/Shutdown.
Dec 16 15:38:48 ndubouil systemd[1]: Reached target System Initialization.
Dec 16 15:38:48 ndubouil systemd[1]: Started Daily man-db regeneration.
Dec 16 15:38:48 ndubouil systemd[1]: Started Daily Cleanup of Temporary Directories.
Dec 16 15:38:48 ndubouil systemd[1]: Reached target Timers.
Dec 16 15:38:48 ndubouil systemd[1]: Listening on D-Bus System Message Bus Socket.
Dec 16 15:38:48 ndubouil systemd[1]: Reached target Sockets.
Dec 16 15:38:48 ndubouil systemd[1]: Reached target Basic System.
Dec 16 15:38:48 ndubouil systemd[1]: Started D-Bus System Message Bus.
Dec 16 15:38:48 ndubouil systemd[1]: Started Getty on tty1.
Dec 16 15:38:48 ndubouil systemd[1]: Reached target Login Prompts.
Dec 16 15:38:48 ndubouil systemd[1]: Starting Name Service Cache Daemon...
Dec 16 15:38:48 ndubouil systemd[1]: Started OpenSSH Daemon.
Dec 16 15:38:48 ndubouil systemd[1]: Starting User Login Management...
Dec 16 15:38:48 ndubouil systemd[1]: Starting vboxadd.service...
Dec 16 15:38:48 ndubouil kernel: random: dbus-daemon: uninitialized urandom read (12 bytes read)
Dec 16 15:38:48 ndubouil nscd[135]: 135 monitoring file `/etc/passwd` (1)
Dec 16 15:38:48 ndubouil nscd[135]: 135 monitoring directory `/etc` (2)
Dec 16 15:38:48 ndubouil systemd-resolved[127]: Positive Trust Anchors:
Dec 16 15:38:48 ndubouil nscd[135]: 135 monitoring file `/etc/group` (3)
Dec 16 15:38:48 ndubouil nscd[135]: 135 monitoring directory `/etc` (2)
Dec 16 15:38:48 ndubouil nscd[135]: 135 monitoring file `/etc/hosts` (4)
Dec 16 15:38:48 ndubouil nscd[135]: 135 monitoring directory `/etc` (2)
Dec 16 15:38:48 ndubouil nscd[135]: 135 disabled inotify-based monitoring for file `/etc/resolv.conf': No such file or directory
Dec 16 15:38:48 ndubouil nscd[135]: 135 stat failed for file `/etc/resolv.conf'; will try again later: No such file or directory
Dec 16 15:38:48 ndubouil nscd[135]: 135 monitoring file `/etc/services` (5)
Dec 16 15:38:48 ndubouil nscd[135]: 135 monitoring directory `/etc` (2)
Dec 16 15:38:48 ndubouil nscd[135]: 135 disabled inotify-based monitoring for file `/etc/netgroup': No such file or directory
Dec 16 15:38:48 ndubouil nscd[135]: 135 stat failed for file `/etc/netgroup'; will try again later: No such file or directory
Dec 16 15:38:48 ndubouil systemd-resolved[127]: . IN DS 20326 8 2 e06d44b80b8f1d39a95c0b0d7c65d08458e880409bbc683457104237c7f8ec8d
Dec 16 15:38:48 ndubouil systemd-resolved[127]: Negative trust anchors: 10.in-addr.arpa 16.172.in-addr.arpa 17.172.in-addr.arpa 18.172.in-addr.arpa 19.172.in-addr.arpa 20.172.in-addr.arpa 21.172.in-addr.arpa 22.172.in-addr.arpa 23.172.in-addr.arpa 24.172.in-addr.arpa 25.172.in-addr.arpa 26.172.in-addr.arpa 27.172.in-addr.arpa 28.172.in-addr.arpa 29.172.in-addr.arpa 30.172.in-addr.arpa 31.172.in-addr.arpa 168.192.in-addr.arpa d.f.ip6.arpa corp home internal intranet lan local private test
Dec 16 15:38:48 ndubouil kernel: random: dbus-daemon: uninitialized urandom read (12 bytes read)
Dec 16 15:38:48 ndubouil systemd[1]: Started Name Service Cache Daemon.
Dec 16 15:38:48 ndubouil systemd-logind[133]: Watching system buttons on /dev/input/event0 (Power Button)
Dec 16 15:38:48 ndubouil systemd-logind[133]: Watching system buttons on /dev/input/event1 (Sleep Button)
Dec 16 15:38:48 ndubouil vboxadd[134]: VirtualBox Guest Additions: Starting.
Dec 16 15:38:48 ndubouil systemd-logind[133]: Watching system buttons on /dev/input/event3 (AT Translated Set 2 keyboard)
Dec 16 15:38:48 ndubouil systemd-logind[133]: New seat seat0.
Dec 16 15:38:48 ndubouil systemd[1]: Started User Login Management.
Dec 16 15:38:48 ndubouil kernel: tsc: Refined TSC clocksource calibration: 1991.969 MHz
Dec 16 15:38:48 ndubouil kernel: clocksource: tsc: mask: 0xffffffffffffffff max_cycles: 0x396d17a018d, max_idle_ns: 881590633112 ns
Dec 16 15:38:48 ndubouil kernel: clocksource: Switched to clocksource tsc
Dec 16 15:38:48 ndubouil vboxadd[158]: VirtualBox Guest Additions: Building the VirtualBox Guest Additions kernel
Dec 16 15:38:48 ndubouil vboxadd[158]: modules.  This may take a while.
Dec 16 15:38:48 ndubouil vboxadd[160]: VirtualBox Guest Additions: To build modules for other installed kernels, run
Dec 16 15:38:48 ndubouil vboxadd[162]: VirtualBox Guest Additions:   /sbin/rcvboxadd quicksetup <version>
Dec 16 15:38:48 ndubouil vboxadd[164]: VirtualBox Guest Additions: or
Dec 16 15:38:48 ndubouil vboxadd[166]: VirtualBox Guest Additions:   /sbin/rcvboxadd quicksetup all
Dec 16 15:38:48 ndubouil vboxadd[168]: VirtualBox Guest Additions: Kernel headers not found for target kernel
Dec 16 15:38:48 ndubouil vboxadd[168]: 5.10.0-thor_kernel-08508-g5e60366d56c6-dirty. Please install them and execute
Dec 16 15:38:48 ndubouil vboxadd[168]:   /sbin/rcvboxadd setup
Dec 16 15:38:48 ndubouil useradd[169]: failed adding user 'vboxadd', data deleted
Dec 16 15:38:48 ndubouil useradd[170]: failed adding user 'vboxadd', data deleted
Dec 16 15:38:48 ndubouil kernel: random: ln: uninitialized urandom read (6 bytes read)
Dec 16 15:38:48 ndubouil vboxadd[134]: modprobe vboxguest failed
Dec 16 15:38:48 ndubouil vboxadd[134]: The log file /var/log/vboxadd-setup.log may contain further information.
Dec 16 15:38:48 ndubouil systemd[1]: vboxadd.service: Main process exited, code=exited, status=1/FAILURE
Dec 16 15:38:48 ndubouil systemd[1]: vboxadd.service: Failed with result 'exit-code'.
Dec 16 15:38:48 ndubouil systemd[1]: Failed to start vboxadd.service.
Dec 16 15:38:48 ndubouil systemd[1]: Starting vboxadd-service.service...
Dec 16 15:38:48 ndubouil vboxadd-service[235]: vboxadd-service.sh: Starting VirtualBox Guest Addition service.
Dec 16 15:38:48 ndubouil vboxadd-service.sh[242]: Starting VirtualBox Guest Addition service.
Dec 16 15:38:48 ndubouil vboxadd-service[235]: VirtualBox Additions module not loaded!
Dec 16 15:38:48 ndubouil systemd[1]: vboxadd-service.service: Control process exited, code=exited, status=1/FAILURE
Dec 16 15:38:48 ndubouil systemd[1]: vboxadd-service.service: Failed with result 'exit-code'.
Dec 16 15:38:48 ndubouil systemd[1]: Failed to start vboxadd-service.service.
Dec 16 15:38:48 ndubouil systemd[1]: Reached target Multi-User System.
Dec 16 15:38:48 ndubouil systemd[1]: Reached target Graphical Interface.
Dec 16 15:38:48 ndubouil systemd[1]: Starting Update UTMP about System Runlevel Changes...
Dec 16 15:38:48 ndubouil systemd[1]: systemd-update-utmp-runlevel.service: Succeeded.
Dec 16 15:38:48 ndubouil systemd[1]: Finished Update UTMP about System Runlevel Changes.
Dec 16 15:38:49 ndubouil kernel: random: crng init done
Dec 16 15:38:49 ndubouil systemd-resolved[127]: Using system hostname 'ndubouil'.
Dec 16 15:38:49 ndubouil systemd[1]: Started Network Name Resolution.
Dec 16 15:38:49 ndubouil systemd[1]: Reached target Network.
Dec 16 15:38:49 ndubouil systemd[1]: Reached target Host and Network Name Lookups.
Dec 16 15:38:49 ndubouil systemd[1]: Finished Load/Save Random Seed.
Dec 16 15:38:49 ndubouil systemd[1]: Condition check resulted in Store a System Token in an EFI Variable being skipped.
Dec 16 15:38:49 ndubouil systemd[1]: Startup finished in 855ms (kernel) + 1.272s (userspace) = 2.128s.
Dec 16 15:38:49 ndubouil sshd[132]: Server listening on 0.0.0.0 port 22.
Dec 16 15:38:49 ndubouil sshd[132]: Server listening on :: port 22.
Dec 16 15:38:50 ndubouil kernel: e1000: enp0s3 NIC Link is Up 1000 Mbps Full Duplex, Flow Control: RX
Dec 16 15:38:50 ndubouil kernel: IPv6: ADDRCONF(NETDEV_CHANGE): enp0s3: link becomes ready
Dec 16 15:38:50 ndubouil systemd-networkd[105]: enp0s3: Gained carrier
Dec 16 15:38:50 ndubouil systemd-networkd[105]: enp0s3: DHCPv4 address 10.0.2.15/24 via 10.0.2.2
Dec 16 15:38:51 ndubouil systemd-networkd[105]: enp0s3: Gained IPv6LL
Dec 16 15:38:54 ndubouil sshd[248]: Accepted publickey for root from 10.0.2.2 port 52044 ssh2: RSA SHA256:HiQcCqwqG67labICT6IHUu1RNYlFjOqxaBUzZSGu/fs
Dec 16 15:39:05 ndubouil nscd[135]: 135 monitored file `/etc/resolv.conf` changed (mtime)
Dec 16 15:39:05 ndubouil nscd[135]: 135 monitoring file `/etc/resolv.conf` (6)
Dec 16 15:39:05 ndubouil nscd[135]: 135 monitoring directory `/etc` (2)
Dec 16 15:39:07 ndubouil nscd[135]: 135 checking for monitored file `/etc/netgroup': No such file or directory
