-- Logs begin at Sun 2020-12-13 18:17:12 CET, end at Fri 2020-12-18 11:40:37 CET. --
Dec 18 11:40:17 ndubouil kernel: Linux version 5.10.0-11825-ga409ed156a90 (root@ndubouil) (gcc (GCC) 10.>
Dec 18 11:40:17 ndubouil kernel: Command line: BOOT_IMAGE=/vmlinuz-v5.10-11825-ga409ed156a90-next root=/>
Dec 18 11:40:17 ndubouil kernel: x86/fpu: Supporting XSAVE feature 0x001: 'x87 floating point registers'
Dec 18 11:40:17 ndubouil kernel: x86/fpu: Supporting XSAVE feature 0x002: 'SSE registers'
Dec 18 11:40:17 ndubouil kernel: x86/fpu: Supporting XSAVE feature 0x004: 'AVX registers'
Dec 18 11:40:17 ndubouil kernel: x86/fpu: xstate_offset[2]:  576, xstate_sizes[2]:  256
Dec 18 11:40:17 ndubouil kernel: x86/fpu: Enabled xstate features 0x7, context size is 832 bytes, using >
Dec 18 11:40:17 ndubouil kernel: BIOS-provided physical RAM map:
Dec 18 11:40:17 ndubouil kernel: BIOS-e820: [mem 0x0000000000000000-0x000000000009fbff] usable
Dec 18 11:40:17 ndubouil kernel: BIOS-e820: [mem 0x000000000009fc00-0x000000000009ffff] reserved
Dec 18 11:40:17 ndubouil kernel: BIOS-e820: [mem 0x00000000000f0000-0x00000000000fffff] reserved
Dec 18 11:40:17 ndubouil kernel: BIOS-e820: [mem 0x0000000000100000-0x000000001ffeffff] usable
Dec 18 11:40:17 ndubouil kernel: BIOS-e820: [mem 0x000000001fff0000-0x000000001fffffff] ACPI data
Dec 18 11:40:17 ndubouil kernel: BIOS-e820: [mem 0x00000000fec00000-0x00000000fec00fff] reserved
Dec 18 11:40:17 ndubouil kernel: BIOS-e820: [mem 0x00000000fee00000-0x00000000fee00fff] reserved
Dec 18 11:40:17 ndubouil kernel: BIOS-e820: [mem 0x00000000fffc0000-0x00000000ffffffff] reserved
Dec 18 11:40:17 ndubouil kernel: NX (Execute Disable) protection: active
Dec 18 11:40:17 ndubouil kernel: SMBIOS 2.5 present.
Dec 18 11:40:17 ndubouil kernel: DMI: innotek GmbH VirtualBox/VirtualBox, BIOS VirtualBox 12/01/2006
Dec 18 11:40:17 ndubouil kernel: tsc: Fast TSC calibration using PIT
Dec 18 11:40:17 ndubouil kernel: tsc: Detected 1991.719 MHz processor
Dec 18 11:40:17 ndubouil kernel: e820: update [mem 0x00000000-0x00000fff] usable ==> reserved
Dec 18 11:40:17 ndubouil kernel: e820: remove [mem 0x000a0000-0x000fffff] usable
Dec 18 11:40:17 ndubouil kernel: last_pfn = 0x1fff0 max_arch_pfn = 0x400000000
Dec 18 11:40:17 ndubouil kernel: MTRR default type: uncachable
Dec 18 11:40:17 ndubouil kernel: MTRR variable ranges disabled:
Dec 18 11:40:17 ndubouil kernel: Disabled
Dec 18 11:40:17 ndubouil kernel: x86/PAT: MTRRs disabled, skipping PAT initialization too.
Dec 18 11:40:17 ndubouil kernel: CPU MTRRs all blank - virtualized system.
Dec 18 11:40:17 ndubouil kernel: x86/PAT: Configuration [0-7]: WB  WT  UC- UC  WB  WT  UC- UC  
Dec 18 11:40:17 ndubouil kernel: found SMP MP-table at [mem 0x0009fff0-0x0009ffff]
Dec 18 11:40:17 ndubouil kernel: check: Scanning 1 areas for low memory corruption
Dec 18 11:40:17 ndubouil kernel: ACPI: Early table checksum verification disabled
Dec 18 11:40:17 ndubouil kernel: ACPI: RSDP 0x00000000000E0000 000024 (v02 VBOX  )
Dec 18 11:40:17 ndubouil kernel: ACPI: XSDT 0x000000001FFF0030 00003C (v01 VBOX   VBOXXSDT 00000001 ASL >
Dec 18 11:40:17 ndubouil kernel: ACPI: FACP 0x000000001FFF00F0 0000F4 (v04 VBOX   VBOXFACP 00000001 ASL >
Dec 18 11:40:17 ndubouil kernel: ACPI: DSDT 0x000000001FFF0470 002325 (v02 VBOX   VBOXBIOS 00000002 INTL>
Dec 18 11:40:17 ndubouil kernel: ACPI: FACS 0x000000001FFF0200 000040
Dec 18 11:40:17 ndubouil kernel: ACPI: FACS 0x000000001FFF0200 000040
Dec 18 11:40:17 ndubouil kernel: ACPI: APIC 0x000000001FFF0240 00005C (v02 VBOX   VBOXAPIC 00000001 ASL >
Dec 18 11:40:17 ndubouil kernel: ACPI: SSDT 0x000000001FFF02A0 0001CC (v01 VBOX   VBOXCPUT 00000002 INTL>
Dec 18 11:40:17 ndubouil kernel: ACPI: Local APIC address 0xfee00000
Dec 18 11:40:17 ndubouil kernel: No NUMA configuration found
Dec 18 11:40:17 ndubouil kernel: Faking a node at [mem 0x0000000000000000-0x000000001ffeffff]
Dec 18 11:40:17 ndubouil kernel: NODE_DATA(0) allocated [mem 0x1ffec000-0x1ffeffff]
Dec 18 11:40:17 ndubouil kernel: Zone ranges:
Dec 18 11:40:17 ndubouil kernel:   DMA      [mem 0x0000000000001000-0x0000000000ffffff]
Dec 18 11:40:17 ndubouil kernel:   DMA32    [mem 0x0000000001000000-0x000000001ffeffff]
Dec 18 11:40:17 ndubouil kernel:   Normal   empty
Dec 18 11:40:17 ndubouil kernel: Movable zone start for each node
Dec 18 11:40:17 ndubouil kernel: Early memory node ranges
Dec 18 11:40:17 ndubouil kernel:   node   0: [mem 0x0000000000001000-0x000000000009efff]
Dec 18 11:40:17 ndubouil kernel:   node   0: [mem 0x0000000000100000-0x000000001ffeffff]
